// Jest Snapshot v1, https://goo.gl/fbAQLP

exports[` 1`] = `
<div
  className="test c-Modal"
>
  <p>
    Modal Content
  </p>
</div>
`;
