// Jest Snapshot v1, https://goo.gl/fbAQLP

exports[`Alert renders truthy Alert 1`] = `
<div
  className="test c-Alert"
>
  <p>
    Some Alert test text.
  </p>
</div>
`;
