// Jest Snapshot v1, https://goo.gl/fbAQLP

exports[`NavLink renders 1`] = `
<a
  aria-current="false"
  class="test"
  href="/test"
>
  label
</a>
`;
