// Jest Snapshot v1, https://goo.gl/fbAQLP

exports[` 1`] = `
<ul
  className="test c-MenuList"
>
  <li
    key="0"
  />
  <li
    key="1"
  />
  <li
    key="2"
  />
</ul>
`;
