// Jest Snapshot v1, https://goo.gl/fbAQLP

exports[`FieldDecorator renders has passed in className 1`] = `
<div
  className="test f-FieldDecorator--warning f-FieldDecorator--info"
/>
`;
