// Jest Snapshot v1, https://goo.gl/fbAQLP

exports[`TextArea renders 1`] = `
<textarea
  className="test c-TextArea"
  columns={10}
  rows={5}
  type="text"
>
  Some default value text
</textarea>
`;
