// Jest Snapshot v1, https://goo.gl/fbAQLP

exports[`Select renders 1`] = `
<select
  class="test c-Select"
>
  <option
    class="optiontest"
    value="1"
  >
    option 1
  </option>
  <option
    class="optiontest"
    value="opt2"
  >
    option 2
  </option>
</select>
`;
