// Jest Snapshot v1, https://goo.gl/fbAQLP

exports[` 1`] = `
<div
  className="test c-Tile"
>
  <p>
    Tile Content
  </p>
</div>
`;
