// Jest Snapshot v1, https://goo.gl/fbAQLP

exports[`Dimmer renders 1`] = `
ShallowWrapper {
  "length": 1,
  Symbol(enzyme.__root__): [Circular],
  Symbol(enzyme.__unrendered__): <UiWrapper
    as="div"
    className="test"
    modifier={
      Array [
        "outline",
      ]
    }
    widthClass={undefined}
  >
    <p>
      Test Component Content.
    </p>
  </UiWrapper>,
  Symbol(enzyme.__renderer__): Object {
    "batchedUpdates": [Function],
    "getNode": [Function],
    "render": [Function],
    "simulateEvent": [Function],
    "unmount": [Function],
  },
  Symbol(enzyme.__node__): Object {
    "instance": null,
    "key": undefined,
    "nodeType": "host",
    "props": Object {
      "children": <p>
        Test Component Content.
      </p>,
      "className": "test Dimmer Dimmer--outline",
    },
    "ref": null,
    "rendered": Object {
      "instance": null,
      "key": undefined,
      "nodeType": "host",
      "props": Object {
        "children": "Test Component Content.",
      },
      "ref": null,
      "rendered": "Test Component Content.",
      "type": "p",
    },
    "type": "div",
  },
  Symbol(enzyme.__nodes__): Array [
    Object {
      "instance": null,
      "key": undefined,
      "nodeType": "host",
      "props": Object {
        "children": <p>
          Test Component Content.
        </p>,
        "className": "test Dimmer Dimmer--outline",
      },
      "ref": null,
      "rendered": Object {
        "instance": null,
        "key": undefined,
        "nodeType": "host",
        "props": Object {
          "children": "Test Component Content.",
        },
        "ref": null,
        "rendered": "Test Component Content.",
        "type": "p",
      },
      "type": "div",
    },
  ],
  Symbol(enzyme.__options__): Object {
    "adapter": ReactSixteenAdapter {
      "options": Object {
        "enableComponentDidUpdateOnSetState": true,
      },
    },
  },
}
`;
